// Jest Snapshot v1, https://goo.gl/fbAQLP

exports[`snapshots MathQuillInput readonly false 1`] = `
<div
  onClick={[Function]}
>
  <div
    className=""
  >
    <span
      onBlur={[Function]}
      onFocus={[Function]}
    />
  </div>
  <div
    className="MathQuillInput-hidden-1"
  >
    <span />
  </div>
</div>
`;

exports[`snapshots MathQuillInput readonly true 1`] = `
<div
  onClick={[Function]}
>
  <div
    className="MathQuillInput-hidden-1"
  >
    <span
      onBlur={[Function]}
      onFocus={[Function]}
    />
  </div>
  <div
    className=""
  >
    <span />
  </div>
</div>
`;
